[      74ms] [INFO] %cDownload the React DevTools for a better development experience: https://react.dev/link/react-devtools font-weight:bold @ http://localhost:5173/node_modules/.vite/deps/react-dom_client.js?v=d30c579c:15804
[     434ms] [ERROR] Encountered two children with the same key, `%s`. Keys should be unique so that components maintain their identity across updates. Non-unique keys may cause children to be duplicated and/or omitted — the behavior is unsupported and could change in a future version. [object Object] @ http://localhost:5173/@vite/client:298
[     435ms] [ERROR] Encountered two children with the same key, `%s`. Keys should be unique so that components maintain their identity across updates. Non-unique keys may cause children to be duplicated and/or omitted — the behavior is unsupported and could change in a future version. [object Object] @ http://localhost:5173/@vite/client:298
[     435ms] [ERROR] Encountered two children with the same key, `%s`. Keys should be unique so that components maintain their identity across updates. Non-unique keys may cause children to be duplicated and/or omitted — the behavior is unsupported and could change in a future version. [object Object] @ http://localhost:5173/@vite/client:298
[     435ms] [ERROR] Encountered two children with the same key, `%s`. Keys should be unique so that components maintain their identity across updates. Non-unique keys may cause children to be duplicated and/or omitted — the behavior is unsupported and could change in a future version. [object Object] @ http://localhost:5173/@vite/client:298
[     435ms] [ERROR] Encountered two children with the same key, `%s`. Keys should be unique so that components maintain their identity across updates. Non-unique keys may cause children to be duplicated and/or omitted — the behavior is unsupported and could change in a future version. [object Object] @ http://localhost:5173/@vite/client:298
[     435ms] [ERROR] Encountered two children with the same key, `%s`. Keys should be unique so that components maintain their identity across updates. Non-unique keys may cause children to be duplicated and/or omitted — the behavior is unsupported and could change in a future version. [object Object] @ http://localhost:5173/@vite/client:298
[     463ms] [ERROR] Encountered two children with the same key, `%s`. Keys should be unique so that components maintain their identity across updates. Non-unique keys may cause children to be duplicated and/or omitted — the behavior is unsupported and could change in a future version. [object Object] @ http://localhost:5173/@vite/client:298
[     463ms] [ERROR] Encountered two children with the same key, `%s`. Keys should be unique so that components maintain their identity across updates. Non-unique keys may cause children to be duplicated and/or omitted — the behavior is unsupported and could change in a future version. [object Object] @ http://localhost:5173/@vite/client:298
[     463ms] [ERROR] Encountered two children with the same key, `%s`. Keys should be unique so that components maintain their identity across updates. Non-unique keys may cause children to be duplicated and/or omitted — the behavior is unsupported and could change in a future version. [object Object] @ http://localhost:5173/@vite/client:298
[     463ms] [ERROR] Encountered two children with the same key, `%s`. Keys should be unique so that components maintain their identity across updates. Non-unique keys may cause children to be duplicated and/or omitted — the behavior is unsupported and could change in a future version. [object Object] @ http://localhost:5173/@vite/client:298
[     463ms] [ERROR] Encountered two children with the same key, `%s`. Keys should be unique so that components maintain their identity across updates. Non-unique keys may cause children to be duplicated and/or omitted — the behavior is unsupported and could change in a future version. [object Object] @ http://localhost:5173/@vite/client:298
[     463ms] [ERROR] Encountered two children with the same key, `%s`. Keys should be unique so that components maintain their identity across updates. Non-unique keys may cause children to be duplicated and/or omitted — the behavior is unsupported and could change in a future version. [object Object] @ http://localhost:5173/@vite/client:298
[   17132ms] [ERROR] %o

%s

%s
 ReferenceError: isValidElement is not defined
    at rowKey (http://localhost:5173/src/charts/ChartFigure.tsx?t=1789926251620:71:2)
    at http://localhost:5173/src/charts/ChartFigure.tsx?t=1789926251620:123:7
    at Array.map (<anonymous>)
    at DataTable (http://localhost:5173/src/charts/ChartFigure.tsx?t=1789926251620:105:54)
    at Object.react_stack_bottom_frame (http://localhost:5173/node_modules/.vite/deps/react-dom_client.js?v=d30c579c:14142:12)
    at renderWithHooks (http://localhost:5173/node_modules/.vite/deps/react-dom_client.js?v=d30c579c:4400:19)
    at updateFunctionComponent (http://localhost:5173/node_modules/.vite/deps/react-dom_client.js?v=d30c579c:5775:16)
    at beginWork (http://localhost:5173/node_modules/.vite/deps/react-dom_client.js?v=d30c579c:6391:20)
    at runWithFiberInDEV (http://localhost:5173/node_modules/.vite/deps/react-dom_client.js?v=d30c579c:944:66)
    at performUnitOfWork (http://localhost:5173/node_modules/.vite/deps/react-dom_client.js?v=d30c579c:9148:92) The above error occurred in the <DataTable> component. React will try to recreate this component tree from scratch using the error boundary you provided, ErrorBoundary. @ http://localhost:5173/@vite/client:298
[   17132ms] [ERROR] ReferenceError: isValidElement is not defined
    at rowKey (http://localhost:5173/src/charts/ChartFigure.tsx?t=1789926251620:71:2)
    at http://localhost:5173/src/charts/ChartFigure.tsx?t=1789926251620:123:7
    at Array.map (<anonymous>)
    at DataTable (http://localhost:5173/src/charts/ChartFigure.tsx?t=1789926251620:105:54)
    at Object.react_stack_bottom_frame (http://localhost:5173/node_modules/.vite/deps/react-dom_client.js?v=d30c579c:14142:12)
    at renderWithHooks (http://localhost:5173/node_modules/.vite/deps/react-dom_client.js?v=d30c579c:4400:19)
    at updateFunctionComponent (http://localhost:5173/node_modules/.vite/deps/react-dom_client.js?v=d30c579c:5775:16)
    at beginWork (http://localhost:5173/node_modules/.vite/deps/react-dom_client.js?v=d30c579c:6391:20)
    at runWithFiberInDEV (http://localhost:5173/node_modules/.vite/deps/react-dom_client.js?v=d30c579c:944:66)
    at performUnitOfWork (http://localhost:5173/node_modules/.vite/deps/react-dom_client.js?v=d30c579c:9148:92) 
    at DataTable (http://localhost:5173/src/charts/ChartFigure.tsx?t=1789926251620:73:29)
    at section (<anonymous>)
    at Habits (http://localhost:5173/src/features/review/WeekReport.tsx:253:12)
    at div (<anonymous>)
    at div (<anonymous>)
    at WeekReport (http://localhost:5173/src/features/review/WeekReport.tsx:652:12)
    at div (<anonymous>)
    at ReviewScreen (http://localhost:5173/src/features/review/ReviewScreen.tsx:83:12)
    at RenderedRoute (http://localhost:5173/node_modules/.vite/deps/react-router.js?v=43f119e3:5442:26)
    at Outlet (http://localhost:5173/node_modules/.vite/deps/react-router.js?v=43f119e3:6623:25)
    at main (<anonymous>)
    at div (<anonymous>)
    at Layout (http://localhost:5173/src/app/Layout.tsx:151:12)
    at RenderedRoute (http://localhost:5173/node_modules/.vite/deps/react-router.js?v=43f119e3:5442:26)
    at Routes (http://localhost:5173/node_modules/.vite/deps/react-router.js?v=43f119e3:6775:19)
    at Suspense (<anonymous>)
    at AppShell (http://localhost:5173/src/app/App.tsx?t=1789926217779:70:12)
    at Router (http://localhost:5173/node_modules/.vite/deps/react-router.js?v=43f119e3:6705:29)
    at BrowserRouter (http://localhost:5173/node_modules/.vite/deps/react-router.js?v=43f119e3:9656:26)
    at ErrorBoundary (http://localhost:5173/src/app/ErrorBoundary.tsx:6:8)
    at App (http://localhost:5173/src/app/App.tsx?t=1789926217779:412:12) @ http://localhost:5173/@vite/client:298
[   17284ms] [ERROR] %o

%s

%s
 ReferenceError: isValidElement is not defined
    at rowKey (http://localhost:5173/src/charts/ChartFigure.tsx?t=1789926251620:71:2)
    at http://localhost:5173/src/charts/ChartFigure.tsx?t=1789926251620:123:7
    at Array.map (<anonymous>)
    at DataTable (http://localhost:5173/src/charts/ChartFigure.tsx?t=1789926251620:105:54)
    at Object.react_stack_bottom_frame (http://localhost:5173/node_modules/.vite/deps/react-dom_client.js?v=d30c579c:14142:12)
    at renderWithHooks (http://localhost:5173/node_modules/.vite/deps/react-dom_client.js?v=d30c579c:4400:19)
    at updateFunctionComponent (http://localhost:5173/node_modules/.vite/deps/react-dom_client.js?v=d30c579c:5775:16)
    at beginWork (http://localhost:5173/node_modules/.vite/deps/react-dom_client.js?v=d30c579c:6391:20)
    at runWithFiberInDEV (http://localhost:5173/node_modules/.vite/deps/react-dom_client.js?v=d30c579c:944:66)
    at performUnitOfWork (http://localhost:5173/node_modules/.vite/deps/react-dom_client.js?v=d30c579c:9148:92) The above error occurred in the <DataTable> component. React will try to recreate this component tree from scratch using the error boundary you provided, ErrorBoundary. @ http://localhost:5173/@vite/client:298
[   17285ms] [ERROR] ReferenceError: isValidElement is not defined
    at rowKey (http://localhost:5173/src/charts/ChartFigure.tsx?t=1789926251620:71:2)
    at http://localhost:5173/src/charts/ChartFigure.tsx?t=1789926251620:123:7
    at Array.map (<anonymous>)
    at DataTable (http://localhost:5173/src/charts/ChartFigure.tsx?t=1789926251620:105:54)
    at Object.react_stack_bottom_frame (http://localhost:5173/node_modules/.vite/deps/react-dom_client.js?v=d30c579c:14142:12)
    at renderWithHooks (http://localhost:5173/node_modules/.vite/deps/react-dom_client.js?v=d30c579c:4400:19)
    at updateFunctionComponent (http://localhost:5173/node_modules/.vite/deps/react-dom_client.js?v=d30c579c:5775:16)
    at beginWork (http://localhost:5173/node_modules/.vite/deps/react-dom_client.js?v=d30c579c:6391:20)
    at runWithFiberInDEV (http://localhost:5173/node_modules/.vite/deps/react-dom_client.js?v=d30c579c:944:66)
    at performUnitOfWork (http://localhost:5173/node_modules/.vite/deps/react-dom_client.js?v=d30c579c:9148:92) 
    at DataTable (http://localhost:5173/src/charts/ChartFigure.tsx?t=1789926251620:73:29)
    at section (<anonymous>)
    at Habits (http://localhost:5173/src/features/review/WeekReport.tsx?t=1789926251623:253:12)
    at div (<anonymous>)
    at div (<anonymous>)
    at WeekReport (http://localhost:5173/src/features/review/WeekReport.tsx?t=1789926251623:652:12)
    at div (<anonymous>)
    at ReviewScreen (http://localhost:5173/src/features/review/ReviewScreen.tsx:83:12)
    at RenderedRoute (http://localhost:5173/node_modules/.vite/deps/react-router.js?v=43f119e3:5442:26)
    at Outlet (http://localhost:5173/node_modules/.vite/deps/react-router.js?v=43f119e3:6623:25)
    at main (<anonymous>)
    at div (<anonymous>)
    at Layout (http://localhost:5173/src/app/Layout.tsx:151:12)
    at RenderedRoute (http://localhost:5173/node_modules/.vite/deps/react-router.js?v=43f119e3:5442:26)
    at Routes (http://localhost:5173/node_modules/.vite/deps/react-router.js?v=43f119e3:6775:19)
    at Suspense (<anonymous>)
    at AppShell (http://localhost:5173/src/app/App.tsx?t=1789926217779:70:12)
    at Router (http://localhost:5173/node_modules/.vite/deps/react-router.js?v=43f119e3:6705:29)
    at BrowserRouter (http://localhost:5173/node_modules/.vite/deps/react-router.js?v=43f119e3:9656:26)
    at ErrorBoundary (http://localhost:5173/src/app/ErrorBoundary.tsx:6:8)
    at App (http://localhost:5173/src/app/App.tsx?t=1789926217779:412:12) @ http://localhost:5173/@vite/client:298
